../STM32_WPAN/App/app_ble.c:77:6:APP_BLE_Init	80	static
../STM32_WPAN/App/app_ble.c:142:28:SVCCTL_App_Notification	152	static
../STM32_WPAN/App/app_ble.c:290:22:APP_BLE_Get_Client_Connection_Status	16	static
../STM32_WPAN/App/app_ble.c:299:13:Ble_Tl_Init	16	static
../STM32_WPAN/App/app_ble.c:310:13:Ble_Hci_Gap_Gatt_Init	72	static
../STM32_WPAN/App/app_ble.c:478:13:Scan_Request	16	static
../STM32_WPAN/App/app_ble.c:496:13:Connect_Request	48	static
../STM32_WPAN/App/app_ble.c:529:6:hci_notify_asynch_evt	16	static
../STM32_WPAN/App/app_ble.c:535:6:hci_cmd_resp_release	16	static
../STM32_WPAN/App/app_ble.c:541:6:hci_cmd_resp_wait	16	static
../STM32_WPAN/App/app_ble.c:547:13:BLE_UserEvtRx	24	static
../STM32_WPAN/App/app_ble.c:567:13:BLE_StatusNot	24	static
../STM32_WPAN/App/app_ble.c:588:6:SVCCTL_ResumeUserEventFlow	8	static
../STM32_WPAN/App/app_ble.c:595:9:is_duplicate_devices	24	static
../STM32_WPAN/App/app_ble.c:604:6:Connect_To_Next_Sensor	48	static
